// Jest Snapshot v1, https://goo.gl/fbAQLP

exports[`adds validation method correctly 1`] = `
ArraySchema {
  "_blacklist": RefSet {
    "list": Set {},
    "refs": Map {},
  },
  "_conditions": Array [],
  "_deps": Array [],
  "_exclusive": Object {
    "unique": false,
  },
  "_mutate": undefined,
  "_options": Object {
    "abortEarly": true,
    "recursive": true,
  },
  "_subType": StringSchema {
    "_blacklist": RefSet {
      "list": Set {},
      "refs": Map {},
    },
    "_conditions": Array [],
    "_deps": Array [],
    "_exclusive": Object {},
    "_mutate": undefined,
    "_options": Object {
      "abortEarly": true,
      "recursive": true,
    },
    "_type": "string",
    "_typeError": [Function],
    "_whitelist": RefSet {
      "list": Set {},
      "refs": Map {},
    },
    "tests": Array [],
    "transforms": Array [
      [Function],
    ],
  },
  "_type": "array",
  "_typeError": [Function],
  "_whitelist": RefSet {
    "list": Set {},
    "refs": Map {},
  },
  "tests": Array [
    [Function],
  ],
  "transforms": Array [
    [Function],
  ],
}
`;
