// Jest Snapshot v1, https://goo.gl/fbAQLP

exports[`exports phrases config object 1`] = `
Object {
  "FORM_VALIDATION_DUPLICATE_URLS": "Duplicate profiles detected. Please review your configuration before saving.",
  "FORM_VALIDATION_URL_INVALID": "Profile URL is invalid.",
  "FORM_VALIDATION_URL_TOO_SHORT": "Please provide correct StarCraft II profile URL.",
}
`;
