// Jest Snapshot v1, https://goo.gl/fbAQLP

exports[`renders correctly 1`] = `
Array [
  "{\\"regionId\\":\\"1\\",\\"realmId\\":\\"1\\",\\"profileId\\":\\"1084304\\"}",
  "{\\"regionId\\":\\"2\\",\\"realmId\\":\\"1\\",\\"profileId\\":\\"1084304\\"}",
  "{\\"regionId\\":\\"3\\",\\"realmId\\":\\"1\\",\\"profileId\\":\\"1084304\\"}",
]
`;
