// Jest Snapshot v1, https://goo.gl/fbAQLP

exports[`exports strings object 1`] = `
Object {
  "config": Object {
    "SAVE_FAILURE": "Failed to save your configuration due to server error. Please try again later.",
    "SAVE_SUCCESS": "Your configuration has been saved successfully. Please allow up to 30 minutes for changes to be visible in the extension.",
    "VALIDATION_DUPLICATE_URLS": "Duplicate profiles detected. Please review your configuration before saving.",
    "VALIDATION_URL_INVALID": "Profile URL is invalid.",
    "VALIDATION_URL_TOO_SHORT": "Please provide correct StarCraft II profile URL.",
  },
}
`;
